// Jest Snapshot v1, https://goo.gl/fbAQLP

exports[`/api/ingress Happy path 1`] = `
Array [
  Object {
    "clientname": null,
    "clientversion": null,
    "duration": 67729237,
    "endtime": 2020-03-27T12:34:26.000Z,
    "graphid": "1b584ccc-aa2a-4fb8-997f-90b030f8e6a3",
    "id": "448910ef-9511-4fab-85bd-ddf6a0c71125",
    "key": "# GET_USER
query GET_USER{user{email id}}",
    "root": Object {
      "cachePolicy": null,
      "child": Array [
        Object {
          "cachePolicy": null,
          "child": Array [],
          "endTime": "65005807",
          "error": Array [],
          "id": "responseName",
          "originalFieldName": "",
          "parentType": "Query",
          "responseName": "user",
          "startTime": "29032827",
          "type": "User",
        },
      ],
      "endTime": "0",
      "error": Array [],
      "originalFieldName": "",
      "parentType": "",
      "startTime": "0",
      "type": "",
    },
    "starttime": 2020-03-27T12:35:35.000Z,
  },
  Object {
    "clientname": null,
    "clientversion": null,
    "duration": 4679795,
    "endtime": 2020-03-27T12:32:03.000Z,
    "graphid": "1b584ccc-aa2a-4fb8-997f-90b030f8e6a3",
    "id": "79d7df7d-3c1c-46b3-919e-bf0105a65bf7",
    "key": "# GET_USER
query GET_USER{user{email id}}",
    "root": Object {
      "cachePolicy": null,
      "child": Array [
        Object {
          "cachePolicy": null,
          "child": Array [],
          "endTime": "4302402",
          "error": Array [],
          "id": "responseName",
          "originalFieldName": "",
          "parentType": "Query",
          "responseName": "user",
          "startTime": "1037483",
          "type": "User",
        },
      ],
      "endTime": "0",
      "error": Array [],
      "originalFieldName": "",
      "parentType": "",
      "startTime": "0",
      "type": "",
    },
    "starttime": 2020-03-27T12:32:08.000Z,
  },
]
`;
